Microchip MPLAB XC8 Compiler V1.34 ()

Linker command line:

--edf=C:\Program Files (x86)\Microchip\xc8\v1.34\dat\en_msgs.txt -cs \
  -h+dist/default/production\Teste18f.X.production.sym \
  --cmf=dist/default/production\Teste18f.X.production.cmf -z -Q18F2550 \
  -oC:\Users\DOMING~1\AppData\Local\Temp\s4vc.6 \
  -Mdist/default/production/Teste18f.X.production.map -E1 -ver=XC8 \
  -ASTACK=01DCh-07ffh -pstack=STACK -ACODE=0800h-07FFFh \
  -ACONST=0800h-07FFFh -ASMALLCONST=0800h-08FFhx120 \
  -AMEDIUMCONST=0800h-07FFFh -ACOMRAM=01h-05Fh -AABS1=00h-07FFh \
  -ABIGRAM=01h-07FFh -ARAM=060h-0FFh,0100h-01FFhx7 -ABANK0=060h-0FFh \
  -ABANK1=0100h-01FFh -ABANK2=0200h-02FFh -ABANK3=0300h-03FFh \
  -ABANK4=0400h-04FFh -ABANK5=0500h-05FFh -ABANK6=0600h-06FFh \
  -ABANK7=0700h-07FFh -ASFR=0F60h-0FFFh \
  -preset_vec=0800h,intcode=0808h,intcodelo,powerup,init,end_init \
  -pramtop=0800h -psmallconst=SMALLCONST -pmediumconst=MEDIUMCONST \
  -pconst=CONST -AFARRAM=00h-00h -ACONFIG=0300000h-030000Dh -pconfig=CONFIG \
  -AIDLOC=0200000h-0200007h -pidloc=IDLOC -AEEDATA=0F00000h-0F000FFh \
  -peeprom_data=EEDATA \
  -prdata=COMRAM,nvrram=COMRAM,nvbit=COMRAM,rbss=COMRAM,rbit=COMRAM \
  -pfarbss=FARRAM,fardata=FARRAM,nvFARRAM=FARRAM \
  -pintsave_regs=BIGRAM,bigbss=BIGRAM,bigdata=BIGRAM -pbss=RAM \
  -pidata=CODE,irdata=CODE,ibigdata=CODE,ifardata=CODE -prparam=COMRAM \
  C:\Users\DOMING~1\AppData\Local\Temp\s4vc.obj \
  dist/default/production\Teste18f.X.production.obj 

Object code version is 3.11

Machine type is 18F2550

Call graph: (short form)




                Name                               Link     Load   Length Selector   Space Scale
C:\Users\DOMING~1\AppData\Local\Temp\s4vc.obj
                end_init                            818      818        4      404       0
                reset_vec                           800      800        4      400       0
                idloc                            200000   200000        8   200000       0
                config                           300000   300000        E   300000       0
dist/default/production\Teste18f.X.production.obj
                intcode                             808      808       10      404       0
                smallconst                          81C      81C       C8      40E       0
                text16                             130A     130A       1A      472       0
                text15                             11E2     11E2       54      472       0
                text14                             1036     1036       76      472       0
                text13                             12AE     12AE       22      472       0
                intcode_body                        CD2      CD2      19A      472       0
                text11                             133C     133C       14      99E       0
                text10                             1120     1120       62      472       0
                text9                               E6C      E6C       B6      472       0
                text8                              1182     1182       60      472       0
                text7                               F22      F22       90      472       0
                text6                              12EE     12EE       1C      472       0
                text5                              1350     1350       12      99E       0
                text4                              127A     127A       34      472       0
                text3                              1236     1236       44      472       0
                text2                               FB2      FB2       84      472       0
                text1                               8E4      8E4      3EE      472       0
                text0                              12D0     12D0       1E      472       0
                cstackCOMRAM                         3A       3A       14        1       1
                cstackBANK0                          DB       DB       10       60       1
                bssBANK1                            100      100       DC      100       1
                dataBANK0                            EB       EB        D       60       1
                bssBANK0                             60       60       7B       60       1
                dataCOMRAM                           20       20       17        1       1
                bssCOMRAM                             1        1       1F        1       1
                bitbssCOMRAM                        1B8       37       15        1       1     8
                cinit                              10AC     10AC       74      472       0
                idataBANK0                         1362     1362        D      99E       0
                idataCOMRAM                        1324     1324       17      472       0

TOTAL           Name                               Link     Load   Length     Space
        CLASS   STACK          

        CLASS   CODE           
                end_init                            818      818        4         0
                intcode                             808      808       10         0
                reset_vec                           800      800        4         0
                text16                             130A     130A       1A         0
                text15                             11E2     11E2       54         0
                text14                             1036     1036       76         0
                text13                             12AE     12AE       22         0
                intcode_body                        CD2      CD2      19A         0
                text11                             133C     133C       14         0
                text10                             1120     1120       62         0
                text9                               E6C      E6C       B6         0
                text8                              1182     1182       60         0
                text7                               F22      F22       90         0
                text6                              12EE     12EE       1C         0
                text5                              1350     1350       12         0
                text4                              127A     127A       34         0
                text3                              1236     1236       44         0
                text2                               FB2      FB2       84         0
                text1                               8E4      8E4      3EE         0
                text0                              12D0     12D0       1E         0
                cinit                              10AC     10AC       74         0
                idataBANK0                         1362     1362        D         0
                idataCOMRAM                        1324     1324       17         0

        CLASS   CONST          

        CLASS   SMALLCONST     
                smallconst                          81C      81C       C8         0

        CLASS   MEDIUMCONST    

        CLASS   COMRAM         
                cstackCOMRAM                         3A       3A       14         1
                dataCOMRAM                           20       20       17         1
                bssCOMRAM                             1        1       1F         1
                bitbssCOMRAM                        1B8       37       15         1

        CLASS   ABS1           

        CLASS   BIGRAM         

        CLASS   RAM            

        CLASS   BANK0          
                cstackBANK0                          DB       DB       10         1
                dataBANK0                            EB       EB        D         1
                bssBANK0                             60       60       7B         1

        CLASS   BANK1          
                bssBANK1                            100      100       DC         1

        CLASS   BANK2          

        CLASS   BANK3          

        CLASS   BANK4          

        CLASS   BANK5          

        CLASS   BANK6          

        CLASS   BANK7          

        CLASS   SFR            

        CLASS   FARRAM         

        CLASS   CONFIG         
                config                           300000   300000        E         0

        CLASS   IDLOC          
                idloc                            200000   200000        8         0

        CLASS   EEDATA         



SEGMENTS        Name                           Load    Length   Top    Selector   Space  Class

                bssCOMRAM                      000001  00004D  00004E         1       1  COMRAM  
                bssBANK0                       000060  000098  0000F8        60       1  BANK0   
                bssBANK1                       000100  0000DC  0001DC       100       1  BANK1   
                reset_vec                      000800  000004  000804       400       0  CODE    
                intcode                        000808  000014  00081C       404       0  CODE    
                smallconst                     00081C  0000C8  0008E4       40E       0  SMALLCON
                text1                          0008E4  000A57  00133B       472       0  CODE    
                text11                         00133C  000033  00136F       99E       0  CODE    
                idloc                          200000  000008  200008    200000       0  IDLOC   
                config                         300000  00000E  30000E    300000       0  CONFIG  


UNUSED ADDRESS RANGES

        Name                Unused          Largest block    Delta
        BANK0            0000F8-0000FF                8
        BANK1            0001DC-0001FF               24
        BANK2            000200-0002FF              100
        BANK3            000300-0003FF              100
        BANK4            000400-0004FF              100
        BANK5            000500-0005FF              100
        BANK6            000600-0006FF              100
        BANK7            000700-0007FF              100
        BIGRAM           00004E-00005F               12
                         0000F8-0000FF                8
                         0001DC-0007FF              624
        CODE             000804-000807                4
                         00133B-00133B                1
                         00136F-007FFF             6C91
        COMRAM           00004E-00005F               12
        CONST            000804-000807                4
                         00133B-00133B                1
                         00136F-007FFF             6C91
        EEDATA           F00000-F000FF              100
        FARRAM           000000-000000                1
        MEDIUMCONST      000804-000807                4
                         00133B-00133B                1
                         00136F-007FFF             6C91
        RAM              0000F8-0000FF                8
                         0001DC-0007FF              100
        SFR              000F60-000FFF               A0
        SMALLCONST       000804-000807                4
                         00133B-00133B                1
                         00136F-007FFF              100
        STACK            0001DC-0007FF              624

                                  Symbol Table

?_strlen                           cstackCOMRAM 00004C
PicConfig@F5251                    dataBANK0    0000EB
PicConfig@F5253                    dataCOMRAM   00002A
PicConfig@F5255                    dataBANK0    0000F0
PicConfig@F5257                    dataBANK0    0000F4
SerialPrint@byte                   cstackCOMRAM 00004C
SerialReadUntilToken@charToCompare cstackCOMRAM 00003B
SerialReadUntilToken@i             cstackCOMRAM 00003C
SerialWifiWrite@Tamanho            cstackBANK0  0000DD
SerialWifiWrite@Valor              cstackBANK0  0000DB
SerialWifiWrite@i                  cstackBANK0  0000DF
SerialWrite@frase                  cstackBANK0  0000DF
SerialWrite@indice                 cstackBANK0  0000E4
SerialWrite@tamanho                cstackBANK0  0000E3
WifiTCPSend@F5114                  dataCOMRAM   00002E
_A0                                bitbssCOMRAM 0001B8
_A1                                bitbssCOMRAM 0001B9
_A2                                bitbssCOMRAM 0001BA
_A3                                bitbssCOMRAM 0001BB
_A4                                bitbssCOMRAM 0001BC
_A5                                bitbssCOMRAM 0001BD
_A6                                bitbssCOMRAM 0001BE
_A7                                bitbssCOMRAM 0001BF
_ADC                               bssCOMRAM    000001
_ADCON0                            (abs)        000FC2
_ADCON0bits                        (abs)        000FC2
_ADCON1                            (abs)        000FC1
_ADCON1bits                        (abs)        000FC1
_ADCON2                            (abs)        000FC0
_ADDEN                             (abs)        007D5B
_ADRESH                            (abs)        000FC4
_ADRESL                            (abs)        000FC3
_B0                                bitbssCOMRAM 0001C0
_B1                                bitbssCOMRAM 0001C1
_B2                                bitbssCOMRAM 0001C2
_B3                                bitbssCOMRAM 0001C3
_B4                                bitbssCOMRAM 0001C4
_B5                                bitbssCOMRAM 0001C5
_B6                                bitbssCOMRAM 0001C6
_B7                                bitbssCOMRAM 0001C7
_BRGH                              (abs)        007D62
_CCP1CON                           (abs)        000FBD
_CCPR1L                            (abs)        000FBE
_CREN                              (abs)        007D5C
_CSRC                              (abs)        007D67
_FERR                              (abs)        007D5A
_FlagTXSend                        bitbssCOMRAM 0001C8
_INTCON                            (abs)        000FF2
_INTCONbits                        (abs)        000FF2
_Interrupt                         intcode      000808
_OERR                              (abs)        007D59
_Oksend                            smallconst   00081D
_PIE1bits                          (abs)        000F9D
_PIR1bits                          (abs)        000F9E
_PORTA                             (abs)        000F80
_PORTB                             (abs)        000F81
_PR2                               (abs)        000FCB
_PortaSend                         bssCOMRAM    000018
_RCIE                              (abs)        007CED
_RCIF                              (abs)        007CF5
_RCREG                             (abs)        000FAE
_RX9                               (abs)        007D5E
_RX9D                              (abs)        007D58
_Result                            bssCOMRAM    00001A
_SENDB                             (abs)        007D63
_SPBRG                             (abs)        000FAF
_SPBRGH                            (abs)        000FB0
_SPEN                              (abs)        007D5F
_SREN                              (abs)        007D5D
_SSPADD                            (abs)        000FC8
_SSPCON1                           (abs)        000FC6
_SSPCON2                           (abs)        000FC5
_SSPCON2bits                       (abs)        000FC5
_SSPSTAT                           (abs)        000FC7
_SYNC                              (abs)        007D64
_SerialLen                         dataCOMRAM   000031
_SerialPrint                       text11       00133C
_SerialRead                        text16       00130A
_SerialReadUntilToken              text15       0011E2
_SerialReceivedData                bssCOMRAM    00001E
_SerialReceivedString              bssBANK0     0000A9
_SerialSendString                  bssBANK0     000060
_SerialWifiWrite                   text3        001236
_SerialWrite                       text9        000E6C
_StartADC                          text2        000FB2
_T0CON                             (abs)        000FD5
_T2CON                             (abs)        000FCA
_TA0                               bitbssCOMRAM 0001C9
_TA1                               bitbssCOMRAM 0001CA
_TMR0L                             (abs)        000FD6
_TRISA                             (abs)        000F92
_TRISB                             (abs)        000F93
_TRISBbits                         (abs)        000F93
_TRISCbits                         (abs)        000F94
_TRMT                              (abs)        007D61
_TX9                               (abs)        007D66
_TX9D                              (abs)        007D60
_TXEN                              (abs)        007D65
_TXIE                              (abs)        007CEC
_TXIF                              (abs)        007CF4
_TXREG                             (abs)        000FAD
_WifiTCPData                       bssBANK0     000092
_WifiTCPDataLen                    dataCOMRAM   000033
_WifiTCPinit                       text7        000F22
__CFG_CPUDIV$OSC1_PLL2             (abs)        000000
__CFG_FOSC$HSPLL_HS                (abs)        000000
__CFG_LVP$OFF                      (abs)        000000
__CFG_MCLRE$ON                     (abs)        000000
__CFG_PBADEN$OFF                   (abs)        000000
__CFG_PLLDIV$5                     (abs)        000000
__CFG_PWRT$ON                      (abs)        000000
__CFG_USBDIV$2                     (abs)        000000
__CFG_WDT$OFF                      (abs)        000000
__HRAM                             (abs)        000000
__Habs1                            abs1         000000
__Hbank0                           bank0        000000
__Hbank1                           bank1        000000
__Hbank2                           bank2        000000
__Hbank3                           bank3        000000
__Hbank4                           bank4        000000
__Hbank5                           bank5        000000
__Hbank6                           bank6        000000
__Hbank7                           bank7        000000
__Hbigbss                          bigbss       000000
__Hbigdata                         bigdata      000000
__Hbigram                          bigram       000000
__HbitbssCOMRAM                    bitbssCOMRAM 000000
__Hbss                             bss          000000
__HbssBANK0                        bssBANK0     000000
__HbssBANK1                        bssBANK1     000000
__HbssCOMRAM                       bssCOMRAM    000000
__Hcinit                           cinit        000000
__Hclrtext                         clrtext      000000
__Hcomram                          comram       000000
__Hconfig                          config       30000E
__Hconst                           const        000000
__HcstackBANK0                     cstackBANK0  000000
__HcstackCOMRAM                    cstackCOMRAM 000000
__Hdata                            data         000000
__HdataBANK0                       dataBANK0    000000
__HdataCOMRAM                      dataCOMRAM   000000
__Heeprom_data                     eeprom_data  000000
__Hend_init                        end_init     00081C
__Hfarbss                          farbss       000000
__Hfardata                         fardata      000000
__Hibigdata                        ibigdata     000000
__Hidata                           idata        000000
__HidataBANK0                      idataBANK0   000000
__HidataCOMRAM                     idataCOMRAM  000000
__Hidloc                           idloc        200008
__Hifardata                        ifardata     000000
__Hinit                            init         000818
__Hintcode                         intcode      000818
__Hintcode_body                    intcode_body 000000
__Hintcodelo                       intcodelo    000818
__Hintentry                        intentry     000000
__Hintret                          intret       000000
__Hintsave_regs                    intsave_regs 000000
__Hirdata                          irdata       000000
__Hmediumconst                     mediumconst  000000
__HnvFARRAM                        nvFARRAM     000000
__Hnvbit                           nvbit        000000
__Hnvrram                          nvrram       000000
__Hparam                           rparam       000000
__Hpowerup                         powerup      000818
__Hram                             ram          000000
__Hramtop                          ramtop       000800
__Hrbit                            rbit         000000
__Hrbss                            rbss         000000
__Hrdata                           rdata        000000
__Hreset_vec                       reset_vec    000804
__Hrparam                          rparam       000000
__Hsfr                             sfr          000000
__Hsmallconst                      smallconst   0008E4
__Hspace_0                         (abs)        30000E
__Hspace_1                         (abs)        0001DC
__Hspace_2                         (abs)        000000
__Hstack                           stack        000000
__Hstruct                          struct       000000
__Htemp                            temp         000000
__Htext                            text         000000
__Htext0                           text0        000000
__Htext1                           text1        000000
__Htext10                          text10       000000
__Htext11                          text11       000000
__Htext13                          text13       000000
__Htext14                          text14       000000
__Htext15                          text15       000000
__Htext16                          text16       000000
__Htext2                           text2        000000
__Htext3                           text3        000000
__Htext4                           text4        000000
__Htext5                           text5        000000
__Htext6                           text6        000000
__Htext7                           text7        000000
__Htext8                           text8        000000
__Htext9                           text9        000000
__LRAM                             (abs)        000001
__Labs1                            abs1         000000
__Lbank0                           bank0        000000
__Lbank1                           bank1        000000
__Lbank2                           bank2        000000
__Lbank3                           bank3        000000
__Lbank4                           bank4        000000
__Lbank5                           bank5        000000
__Lbank6                           bank6        000000
__Lbank7                           bank7        000000
__Lbigbss                          bigbss       000000
__Lbigdata                         bigdata      000000
__Lbigram                          bigram       000000
__LbitbssCOMRAM                    bitbssCOMRAM 000000
__Lbss                             bss          000000
__LbssBANK0                        bssBANK0     000000
__LbssBANK1                        bssBANK1     000000
__LbssCOMRAM                       bssCOMRAM    000000
__Lcinit                           cinit        000000
__Lclrtext                         clrtext      000000
__Lcomram                          comram       000000
__Lconfig                          config       300000
__Lconst                           const        000000
__LcstackBANK0                     cstackBANK0  000000
__LcstackCOMRAM                    cstackCOMRAM 000000
__Ldata                            data         000000
__LdataBANK0                       dataBANK0    000000
__LdataCOMRAM                      dataCOMRAM   000000
__Leeprom_data                     eeprom_data  000000
__Lend_init                        end_init     000818
__Lfarbss                          farbss       000000
__Lfardata                         fardata      000000
__Libigdata                        ibigdata     000000
__Lidata                           idata        000000
__LidataBANK0                      idataBANK0   000000
__LidataCOMRAM                     idataCOMRAM  000000
__Lidloc                           idloc        200000
__Lifardata                        ifardata     000000
__Linit                            init         000818
__Lintcode                         intcode      000808
__Lintcode_body                    intcode_body 000000
__Lintcodelo                       intcodelo    000818
__Lintentry                        intentry     000000
__Lintret                          intret       000000
__Lintsave_regs                    intsave_regs 000000
__Lirdata                          irdata       000000
__Lmediumconst                     mediumconst  000000
__LnvFARRAM                        nvFARRAM     000000
__Lnvbit                           nvbit        000000
__Lnvrram                          nvrram       000000
__Lparam                           rparam       000000
__Lpowerup                         powerup      000818
__Lram                             ram          000000
__Lramtop                          ramtop       000800
__Lrbit                            rbit         000000
__Lrbss                            rbss         000000
__Lrdata                           rdata        000000
__Lreset_vec                       reset_vec    000800
__Lrparam                          rparam       000000
__Lsfr                             sfr          000000
__Lsmallconst                      smallconst   00081C
__Lspace_0                         (abs)        000000
__Lspace_1                         (abs)        000000
__Lspace_2                         (abs)        000000
__Lstack                           stack        000000
__Lstruct                          struct       000000
__Ltemp                            temp         000000
__Ltext                            text         000000
__Ltext0                           text0        000000
__Ltext1                           text1        000000
__Ltext10                          text10       000000
__Ltext11                          text11       000000
__Ltext13                          text13       000000
__Ltext14                          text14       000000
__Ltext15                          text15       000000
__Ltext16                          text16       000000
__Ltext2                           text2        000000
__Ltext3                           text3        000000
__Ltext4                           text4        000000
__Ltext5                           text5        000000
__Ltext6                           text6        000000
__Ltext7                           text7        000000
__Ltext8                           text8        000000
__Ltext9                           text9        000000
__S0                               (abs)        30000E
__S1                               (abs)        0001DC
__S2                               (abs)        000000
___inthi_sp                        stack        000000
___intlo_sp                        stack        000000
___param_bank                      (abs)        000010
___rparam_used                     (abs)        000001
___sp                              stack        000000
__accesstop                        (abs)        000060
__activetblptr                     (abs)        000002
__end_of_Interrupt                 intcode_body 000E6C
__end_of_Oksend                    smallconst   000822
__end_of_SerialPrint               text11       001350
__end_of_SerialRead                text16       001324
__end_of_SerialReadUntilToken      text15       001236
__end_of_SerialWifiWrite           text3        00127A
__end_of_SerialWrite               text9        000F22
__end_of_StartADC                  text2        001036
__end_of_WifiTCPinit               text7        000FB2
__end_of__initialization           cinit        001116
__end_of_delaySeg                  text8        0011E2
__end_of_initADC                   text6        00130A
__end_of_initPWM                   text5        001362
__end_of_initUART                  text4        0012AE
__end_of_lerValores                text1        000CD2
__end_of_main                      text0        0012EE
__end_of_pwmExecute                text14       0010AC
__end_of_sendCmd                   smallconst   000835
__end_of_strlen                    text10       001182
__end_of_waitToken                 text13       0012D0
__initialization                   cinit        0010AC
__mediumconst                      mediumconst  000000
__pbitbssCOMRAM                    bitbssCOMRAM 0001B8
__pbssBANK0                        bssBANK0     000060
__pbssBANK1                        bssBANK1     000100
__pbssCOMRAM                       bssCOMRAM    000001
__pcinit                           cinit        0010AC
__pcstackBANK0                     cstackBANK0  0000DB
__pcstackCOMRAM                    cstackCOMRAM 00003A
__pdataBANK0                       dataBANK0    0000EB
__pdataCOMRAM                      dataCOMRAM   000020
__pidataBANK0                      idataBANK0   001362
__pidataCOMRAM                     idataCOMRAM  001324
__pintcode                         intcode      000808
__pintcode_body                    intcode_body 000CD2
__psmallconst                      smallconst   00081C
__ptext0                           text0        0012D0
__ptext1                           text1        0008E4
__ptext10                          text10       001120
__ptext11                          text11       00133C
__ptext13                          text13       0012AE
__ptext14                          text14       001036
__ptext15                          text15       0011E2
__ptext16                          text16       00130A
__ptext2                           text2        000FB2
__ptext3                           text3        001236
__ptext4                           text4        00127A
__ptext5                           text5        001350
__ptext6                           text6        0012EE
__ptext7                           text7        000F22
__ptext8                           text8        001182
__ptext9                           text9        000E6C
__pwm                              dataCOMRAM   000020
__ramtop                           ramtop       000800
__size_of_Interrupt                (abs)        000000
__size_of_SerialPrint              (abs)        000000
__size_of_SerialRead               (abs)        000000
__size_of_SerialReadUntilToken     (abs)        000000
__size_of_SerialWifiWrite          (abs)        000000
__size_of_SerialWrite              (abs)        000000
__size_of_StartADC                 (abs)        000000
__size_of_WifiTCPinit              (abs)        000000
__size_of_delaySeg                 (abs)        000000
__size_of_initADC                  (abs)        000000
__size_of_initPWM                  (abs)        000000
__size_of_initUART                 (abs)        000000
__size_of_lerValores               (abs)        000000
__size_of_main                     (abs)        000000
__size_of_pwmExecute               (abs)        000000
__size_of_strlen                   (abs)        000000
__size_of_waitToken                (abs)        000000
__smallconst                       smallconst   00081C
_counter                           bssCOMRAM    00001F
_delay                             bssCOMRAM    00001C
_delaySeg                          text8        001182
_flagData                          bitbssCOMRAM 0001CB
_flagLink                          bitbssCOMRAM 0001CC
_freq                              dataCOMRAM   000035
_i                                 bssBANK0     0000A1
_initADC                           text6        0012EE
_initPWM                           text5        001350
_initUART                          text4        00127A
_j                                 bssBANK0     0000A5
_lerValores                        text1        0008E4
_main                              text0        0012D0
_pwmExecute                        text14       001036
_sendCmd                           smallconst   000822
_strlen                            text10       001120
_valoresEnviar                     bssBANK1     000100
_voltagem                          bssCOMRAM    000015
_waitToken                         text13       0012AE
delaySeg@i                         cstackBANK0  0000DE
delaySeg@j                         cstackBANK0  0000DC
delaySeg@waitTime                  cstackCOMRAM 00004C
end_of_initialization              cinit        001116
int_func                           intcode_body 000CD2
intlevel0                          text         000000
intlevel1                          text         000000
intlevel2                          text         000000
intlevel3                          text         000000
lerValores@i                       cstackBANK0  0000E7
lerValores@j                       cstackBANK0  0000E9
stackhi                            (abs)        0007FF
stacklo                            (abs)        0001DC
start                              init         000818
start_initialization               cinit        0010AC
strlen@cp                          cstackBANK0  0000DD
strlen@s                           cstackCOMRAM 00004C
waitToken@value                    cstackCOMRAM 00003A


FUNCTION INFORMATION:

 *************** function _main *****************
 Defined at:
		line 28 in file "main.c"
 Parameters:    Size  Location     Type
		None
 Auto vars:     Size  Location     Type
		None
 Return value:  Size  Location     Type
		None               void
 Registers used:
		wreg, fsr0l, fsr0h, fsr2l, fsr2h, status,2, status,0, tblptrl, tblptrh, tblptru, prodl, prodh, cstack
 Tracked objects:
		On entry : 
		On exit  : 
		Unchanged: 
 Data sizes:     COMRAM   BANK0   BANK1   BANK2   BANK3   BANK4   BANK5   BANK6   BANK7
      Params:         0       0       0       0       0       0       0       0       0
      Locals:         0       0       0       0       0       0       0       0       0
      Temps:          0       0       0       0       0       0       0       0       0
      Totals:         0       0       0       0       0       0       0       0       0
Total ram usage:        0 bytes
 Hardware stack levels required when called:    6
 This function calls:
		_WifiTCPinit
		_initADC
		_initPWM
		_initUART
		_lerValores
 This function is called by:
		Startup code after reset
 This function uses a non-reentrant model


 *************** function _lerValores *****************
 Defined at:
		line 98 in file "ADXL345.h"
 Parameters:    Size  Location     Type
		None
 Auto vars:     Size  Location     Type
  j               2   14[BANK0 ] unsigned int 
  i               2   12[BANK0 ] unsigned int 
 Return value:  Size  Location     Type
		None               void
 Registers used:
		wreg, fsr0l, fsr0h, fsr2l, fsr2h, status,2, status,0, tblptrl, tblptrh, tblptru, prodl, prodh, cstack
 Tracked objects:
		On entry : 
		On exit  : 
		Unchanged: 
 Data sizes:     COMRAM   BANK0   BANK1   BANK2   BANK3   BANK4   BANK5   BANK6   BANK7
      Params:         0       0       0       0       0       0       0       0       0
      Locals:         0       4       0       0       0       0       0       0       0
      Temps:          0       2       0       0       0       0       0       0       0
      Totals:         0       6       0       0       0       0       0       0       0
Total ram usage:        6 bytes
 Hardware stack levels used:    1
 Hardware stack levels required when called:    5
 This function calls:
		_SerialWifiWrite
		_SerialWrite
		_StartADC
 This function is called by:
		_main
 This function uses a non-reentrant model


 *************** function _StartADC *****************
 Defined at:
		line 34 in file "testeadc.h"
 Parameters:    Size  Location     Type
		None
 Auto vars:     Size  Location     Type
		None
 Return value:  Size  Location     Type
		None               void
 Registers used:
		None
 Tracked objects:
		On entry : 
		On exit  : 
		Unchanged: 
 Data sizes:     COMRAM   BANK0   BANK1   BANK2   BANK3   BANK4   BANK5   BANK6   BANK7
      Params:         0       0       0       0       0       0       0       0       0
      Locals:         0       0       0       0       0       0       0       0       0
      Temps:          0       0       0       0       0       0       0       0       0
      Totals:         0       0       0       0       0       0       0       0       0
Total ram usage:        0 bytes
 Hardware stack levels used:    1
 Hardware stack levels required when called:    3
 This function calls:
		Nothing
 This function is called by:
		_lerValores
 This function uses a non-reentrant model


 *************** function _SerialWifiWrite *****************
 Defined at:
		line 78 in file "Serial.h"
 Parameters:    Size  Location     Type
  Valor           2    0[BANK0 ] PTR unsigned char 
		 -> valoresEnviar(220), 
  Tamanho         2    2[BANK0 ] unsigned int 
 Auto vars:     Size  Location     Type
  i               2    4[BANK0 ] int 
 Return value:  Size  Location     Type
		None               void
 Registers used:
		wreg, fsr2l, fsr2h, status,2, status,0, cstack
 Tracked objects:
		On entry : 
		On exit  : 
		Unchanged: 
 Data sizes:     COMRAM   BANK0   BANK1   BANK2   BANK3   BANK4   BANK5   BANK6   BANK7
      Params:         0       4       0       0       0       0       0       0       0
      Locals:         0       2       0       0       0       0       0       0       0
      Temps:          0       0       0       0       0       0       0       0       0
      Totals:         0       6       0       0       0       0       0       0       0
Total ram usage:        6 bytes
 Hardware stack levels used:    1
 Hardware stack levels required when called:    4
 This function calls:
		_SerialPrint
 This function is called by:
		_lerValores
 This function uses a non-reentrant model


 *************** function _initUART *****************
 Defined at:
		line 40 in file "Serial.h"
 Parameters:    Size  Location     Type
		None
 Auto vars:     Size  Location     Type
		None
 Return value:  Size  Location     Type
		None               void
 Registers used:
		wreg, status,2
 Tracked objects:
		On entry : 
		On exit  : 
		Unchanged: 
 Data sizes:     COMRAM   BANK0   BANK1   BANK2   BANK3   BANK4   BANK5   BANK6   BANK7
      Params:         0       0       0       0       0       0       0       0       0
      Locals:         0       0       0       0       0       0       0       0       0
      Temps:          0       0       0       0       0       0       0       0       0
      Totals:         0       0       0       0       0       0       0       0       0
Total ram usage:        0 bytes
 Hardware stack levels used:    1
 Hardware stack levels required when called:    3
 This function calls:
		Nothing
 This function is called by:
		_main
 This function uses a non-reentrant model


 *************** function _initPWM *****************
 Defined at:
		line 108 in file "Interrup.h"
 Parameters:    Size  Location     Type
		None
 Auto vars:     Size  Location     Type
		None
 Return value:  Size  Location     Type
		None               void
 Registers used:
		wreg, status,2
 Tracked objects:
		On entry : 
		On exit  : 
		Unchanged: 
 Data sizes:     COMRAM   BANK0   BANK1   BANK2   BANK3   BANK4   BANK5   BANK6   BANK7
      Params:         0       0       0       0       0       0       0       0       0
      Locals:         0       0       0       0       0       0       0       0       0
      Temps:          0       0       0       0       0       0       0       0       0
      Totals:         0       0       0       0       0       0       0       0       0
Total ram usage:        0 bytes
 Hardware stack levels used:    1
 Hardware stack levels required when called:    3
 This function calls:
		Nothing
 This function is called by:
		_main
 This function uses a non-reentrant model


 *************** function _initADC *****************
 Defined at:
		line 12 in file "testeadc.h"
 Parameters:    Size  Location     Type
		None
 Auto vars:     Size  Location     Type
		None
 Return value:  Size  Location     Type
		None               void
 Registers used:
		wreg, status,2
 Tracked objects:
		On entry : 
		On exit  : 
		Unchanged: 
 Data sizes:     COMRAM   BANK0   BANK1   BANK2   BANK3   BANK4   BANK5   BANK6   BANK7
      Params:         0       0       0       0       0       0       0       0       0
      Locals:         0       0       0       0       0       0       0       0       0
      Temps:          0       0       0       0       0       0       0       0       0
      Totals:         0       0       0       0       0       0       0       0       0
Total ram usage:        0 bytes
 Hardware stack levels used:    1
 Hardware stack levels required when called:    3
 This function calls:
		Nothing
 This function is called by:
		_main
 This function uses a non-reentrant model


 *************** function _WifiTCPinit *****************
 Defined at:
		line 24 in file "wifiTCP.h"
 Parameters:    Size  Location     Type
		None
 Auto vars:     Size  Location     Type
		None
 Return value:  Size  Location     Type
		None               void
 Registers used:
		wreg, fsr0l, fsr0h, status,2, status,0, tblptrl, tblptrh, tblptru, prodl, prodh, cstack
 Tracked objects:
		On entry : 
		On exit  : 
		Unchanged: 
 Data sizes:     COMRAM   BANK0   BANK1   BANK2   BANK3   BANK4   BANK5   BANK6   BANK7
      Params:         0       0       0       0       0       0       0       0       0
      Locals:         0       0       0       0       0       0       0       0       0
      Temps:          0       0       0       0       0       0       0       0       0
      Totals:         0       0       0       0       0       0       0       0       0
Total ram usage:        0 bytes
 Hardware stack levels used:    1
 Hardware stack levels required when called:    5
 This function calls:
		_SerialWrite
		_delaySeg
 This function is called by:
		_main
 This function uses a non-reentrant model


 *************** function _delaySeg *****************
 Defined at:
		line 32 in file "Serial.h"
 Parameters:    Size  Location     Type
  waitTime        2   18[COMRAM] unsigned int 
 Auto vars:     Size  Location     Type
  i               2    3[BANK0 ] unsigned int 
  j               2    1[BANK0 ] unsigned int 
 Return value:  Size  Location     Type
		None               void
 Registers used:
		wreg, status,2, status,0
 Tracked objects:
		On entry : 
		On exit  : 
		Unchanged: 
 Data sizes:     COMRAM   BANK0   BANK1   BANK2   BANK3   BANK4   BANK5   BANK6   BANK7
      Params:         2       0       0       0       0       0       0       0       0
      Locals:         0       4       0       0       0       0       0       0       0
      Temps:          0       1       0       0       0       0       0       0       0
      Totals:         2       5       0       0       0       0       0       0       0
Total ram usage:        7 bytes
 Hardware stack levels used:    1
 Hardware stack levels required when called:    3
 This function calls:
		Nothing
 This function is called by:
		_WifiTCPinit
 This function uses a non-reentrant model


 *************** function _SerialWrite *****************
 Defined at:
		line 89 in file "Serial.h"
 Parameters:    Size  Location     Type
  frase           2    4[BANK0 ] PTR const unsigned char 
		 -> PicConfig@charSend(4), PicConfig@OkSend(5), STR_9(3), sendCmd(19), 
		 -> STR_6(14), WifiTCPSend@newLine(3), STR_5(22), STR_4(14), 
		 -> STR_3(36), STR_2(14), STR_1(9), 
 Auto vars:     Size  Location     Type
  indice          1    9[BANK0 ] unsigned char 
  tamanho         1    8[BANK0 ] unsigned char 
 Return value:  Size  Location     Type
		None               void
 Registers used:
		wreg, fsr0l, fsr0h, status,2, status,0, tblptrl, tblptrh, tblptru, prodl, prodh, cstack
 Tracked objects:
		On entry : 
		On exit  : 
		Unchanged: 
 Data sizes:     COMRAM   BANK0   BANK1   BANK2   BANK3   BANK4   BANK5   BANK6   BANK7
      Params:         0       2       0       0       0       0       0       0       0
      Locals:         0       2       0       0       0       0       0       0       0
      Temps:          0       2       0       0       0       0       0       0       0
      Totals:         0       6       0       0       0       0       0       0       0
Total ram usage:        6 bytes
 Hardware stack levels used:    1
 Hardware stack levels required when called:    4
 This function calls:
		_SerialPrint
		_strlen
 This function is called by:
		_WifiTCPinit
		_lerValores
		_WifiTCPSend
 This function uses a non-reentrant model


 *************** function _strlen *****************
 Defined at:
		line 4 in file "C:\Program Files (x86)\Microchip\xc8\v1.34\sources\common\strlen.c"
 Parameters:    Size  Location     Type
  s               2   18[COMRAM] PTR const unsigned char 
		 -> STR_19(5), STR_18(5), STR_17(5), STR_16(5), 
		 -> STR_15(5), STR_14(5), STR_13(5), STR_12(5), 
		 -> STR_11(4), STR_10(5), PicConfig@charSend(4), PicConfig@OkSend(5), 
		 -> STR_9(3), sendCmd(19), STR_8(3), STR_7(12), 
		 -> STR_6(14), WifiTCPSend@newLine(3), STR_5(22), STR_4(14), 
		 -> STR_3(36), STR_2(14), STR_1(9), SerialReceivedString(50), 
 Auto vars:     Size  Location     Type
  cp              2    2[BANK0 ] PTR const unsigned char 
		 -> STR_19(5), STR_18(5), STR_17(5), STR_16(5), 
		 -> STR_15(5), STR_14(5), STR_13(5), STR_12(5), 
		 -> STR_11(4), STR_10(5), PicConfig@charSend(4), PicConfig@OkSend(5), 
		 -> STR_9(3), sendCmd(19), STR_8(3), STR_7(12), 
		 -> STR_6(14), WifiTCPSend@newLine(3), STR_5(22), STR_4(14), 
		 -> STR_3(36), STR_2(14), STR_1(9), SerialReceivedString(50), 
 Return value:  Size  Location     Type
                  2   18[COMRAM] unsigned int 
 Registers used:
		wreg, fsr0l, fsr0h, status,2, status,0, tblptrl, tblptrh, tblptru
 Tracked objects:
		On entry : 
		On exit  : 
		Unchanged: 
 Data sizes:     COMRAM   BANK0   BANK1   BANK2   BANK3   BANK4   BANK5   BANK6   BANK7
      Params:         2       0       0       0       0       0       0       0       0
      Locals:         0       2       0       0       0       0       0       0       0
      Temps:          0       2       0       0       0       0       0       0       0
      Totals:         2       4       0       0       0       0       0       0       0
Total ram usage:        6 bytes
 Hardware stack levels used:    1
 Hardware stack levels required when called:    3
 This function calls:
		Nothing
 This function is called by:
		_SerialWrite
		_ContainString
		_stringToInt
		_WifiTCPSend
		_strstr
 This function uses a non-reentrant model


 *************** function _SerialPrint *****************
 Defined at:
		line 69 in file "Serial.h"
 Parameters:    Size  Location     Type
  byte            1    wreg     unsigned char 
 Auto vars:     Size  Location     Type
  byte            1   18[COMRAM] unsigned char 
 Return value:  Size  Location     Type
		None               void
 Registers used:
		wreg
 Tracked objects:
		On entry : 
		On exit  : 
		Unchanged: 
 Data sizes:     COMRAM   BANK0   BANK1   BANK2   BANK3   BANK4   BANK5   BANK6   BANK7
      Params:         0       0       0       0       0       0       0       0       0
      Locals:         1       0       0       0       0       0       0       0       0
      Temps:          0       0       0       0       0       0       0       0       0
      Totals:         1       0       0       0       0       0       0       0       0
Total ram usage:        1 bytes
 Hardware stack levels used:    1
 Hardware stack levels required when called:    3
 This function calls:
		Nothing
 This function is called by:
		_SerialWifiWrite
		_SerialWrite
		_WifiTCPSend
 This function uses a non-reentrant model


 *************** function _Interrupt *****************
 Defined at:
		line 45 in file "Interrup.h"
 Parameters:    Size  Location     Type
		None
 Auto vars:     Size  Location     Type
		None
 Return value:  Size  Location     Type
		None               void
 Registers used:
		wreg, fsr2l, fsr2h, status,2, status,0, cstack
 Tracked objects:
		On entry : 
		On exit  : 
		Unchanged: 
 Data sizes:     COMRAM   BANK0   BANK1   BANK2   BANK3   BANK4   BANK5   BANK6   BANK7
      Params:         0       0       0       0       0       0       0       0       0
      Locals:         0       0       0       0       0       0       0       0       0
      Temps:         14       0       0       0       0       0       0       0       0
      Totals:        14       0       0       0       0       0       0       0       0
Total ram usage:       14 bytes
 Hardware stack levels used:    1
 Hardware stack levels required when called:    2
 This function calls:
		_SerialReadUntilToken
		_pwmExecute
		_waitToken
 This function is called by:
		Interrupt level 2
 This function uses a non-reentrant model


 *************** function _waitToken *****************
 Defined at:
		line 150 in file "Serial.h"
 Parameters:    Size  Location     Type
  value           1    wreg     unsigned char 
 Auto vars:     Size  Location     Type
  value           1    0[COMRAM] unsigned char 
 Return value:  Size  Location     Type
		None               void
 Registers used:
		wreg, status,2, status,0, cstack
 Tracked objects:
		On entry : 
		On exit  : 
		Unchanged: 
 Data sizes:     COMRAM   BANK0   BANK1   BANK2   BANK3   BANK4   BANK5   BANK6   BANK7
      Params:         0       0       0       0       0       0       0       0       0
      Locals:         1       0       0       0       0       0       0       0       0
      Temps:          0       0       0       0       0       0       0       0       0
      Totals:         1       0       0       0       0       0       0       0       0
Total ram usage:        1 bytes
 Hardware stack levels used:    1
 Hardware stack levels required when called:    1
 This function calls:
		_SerialRead
 This function is called by:
		_Interrupt
		_WifiTCPRead
 This function uses a non-reentrant model


 *************** function _pwmExecute *****************
 Defined at:
		line 21 in file "Interrup.h"
 Parameters:    Size  Location     Type
		None
 Auto vars:     Size  Location     Type
		None
 Return value:  Size  Location     Type
		None               void
 Registers used:
		wreg, status,2, status,0
 Tracked objects:
		On entry : 
		On exit  : 
		Unchanged: 
 Data sizes:     COMRAM   BANK0   BANK1   BANK2   BANK3   BANK4   BANK5   BANK6   BANK7
      Params:         0       0       0       0       0       0       0       0       0
      Locals:         0       0       0       0       0       0       0       0       0
      Temps:          2       0       0       0       0       0       0       0       0
      Totals:         2       0       0       0       0       0       0       0       0
Total ram usage:        2 bytes
 Hardware stack levels used:    1
 This function calls:
		Nothing
 This function is called by:
		_Interrupt
 This function uses a non-reentrant model


 *************** function _SerialReadUntilToken *****************
 Defined at:
		line 174 in file "Serial.h"
 Parameters:    Size  Location     Type
  charToCompar    1    wreg     const unsigned char 
 Auto vars:     Size  Location     Type
  charToCompar    1    1[COMRAM] const unsigned char 
  i               2    2[COMRAM] unsigned int 
 Return value:  Size  Location     Type
		None               void
 Registers used:
		wreg, fsr2l, fsr2h, status,2, status,0, cstack
 Tracked objects:
		On entry : 
		On exit  : 
		Unchanged: 
 Data sizes:     COMRAM   BANK0   BANK1   BANK2   BANK3   BANK4   BANK5   BANK6   BANK7
      Params:         0       0       0       0       0       0       0       0       0
      Locals:         3       0       0       0       0       0       0       0       0
      Temps:          1       0       0       0       0       0       0       0       0
      Totals:         4       0       0       0       0       0       0       0       0
Total ram usage:        4 bytes
 Hardware stack levels used:    1
 Hardware stack levels required when called:    1
 This function calls:
		_SerialRead
 This function is called by:
		_Interrupt
		_WifiTCPRead
 This function uses a non-reentrant model


 *************** function _SerialRead *****************
 Defined at:
		line 110 in file "Serial.h"
 Parameters:    Size  Location     Type
		None
 Auto vars:     Size  Location     Type
		None
 Return value:  Size  Location     Type
                  1    wreg      unsigned char 
 Registers used:
		wreg, status,2
 Tracked objects:
		On entry : 
		On exit  : 
		Unchanged: 
 Data sizes:     COMRAM   BANK0   BANK1   BANK2   BANK3   BANK4   BANK5   BANK6   BANK7
      Params:         0       0       0       0       0       0       0       0       0
      Locals:         0       0       0       0       0       0       0       0       0
      Temps:          0       0       0       0       0       0       0       0       0
      Totals:         0       0       0       0       0       0       0       0       0
Total ram usage:        0 bytes
 Hardware stack levels used:    1
 This function calls:
		Nothing
 This function is called by:
		_waitToken
		_SerialReadUntilToken
		_SerialReadString
		_SerialReceiveNChar
 This function uses a non-reentrant model



MODULE INFORMATION

Module		Function		Class		Link	Load	Size
Interrup.h
		_Interrupt     		CODE           	0808	0000	427
		_initPWM       		CODE           	1350	0000	19
		_pwmExecute    		CODE           	1036	0000	119

Interrup.h estimated size: 565

testeadc.h
		_StartADC      		CODE           	0FB2	0000	133
		_initADC       		CODE           	12EE	0000	29

testeadc.h estimated size: 162

ADXL345.h
		_lerValores    		CODE           	08E4	0000	1007

ADXL345.h estimated size: 1007

Serial.h
		_delaySeg      		CODE           	1182	0000	97
		_waitToken     		CODE           	12AE	0000	35
		_SerialWifiWrit		CODE           	1236	0000	69
		_SerialRead    		CODE           	130A	0000	27
		_initUART      		CODE           	127A	0000	53
		_SerialReadUnti		CODE           	11E2	0000	85
		_SerialWrite   		CODE           	0E6C	0000	183
		_SerialPrint   		CODE           	133C	0000	21

Serial.h estimated size: 570

C:\Program Files (x86)\Microchip\xc8\v1.34\sources\common\strlen.c
		_strlen        		CODE           	1120	0000	99

C:\Program Files (x86)\Microchip\xc8\v1.34\sources\common\strlen.c estimated size: 99

shared
		_Oksend        		SMALLCONST     	081D	0000	6
		__initializatio		CODE           	10AC	0000	107
		_sendCmd       		SMALLCONST     	0822	0000	20

shared estimated size: 133

wifiTCP.h
		_WifiTCPinit   		CODE           	0F22	0000	145

wifiTCP.h estimated size: 145

main.c
		_main          		CODE           	12D0	0000	31

main.c estimated size: 31

